Microchip MPLAB XC8 Compiler V1.44 ()

Linker command line:

-W-3 --edf=C:\Program Files (x86)\Microchip\xc8\v1.44\dat\en_msgs.txt -cs \
  -h+dist/default/production\EMG_15375_Actual.X.production.sym \
  --cmf=dist/default/production\EMG_15375_Actual.X.production.cmf -z \
  -Q16F15375 -oC:\Users\C20590\AppData\Local\Temp\sioc.2 \
  -Mdist/default/production/EMG_15375_Actual.X.production.map -E1 -ver=XC8 \
  --acfsm=1493 -ASTACK=020EFh-0238bh -pstack=STACK -ACODE=00h-07FFhx4 \
  -ASTRCODE=00h-01FFFh -ASTRING=00h-0FFhx32 -ACONST=00h-0FFhx32 \
  -AENTRY=00h-0FFhx32 -ACOMMON=070h-07Fh -ABANK0=020h-06Fh \
  -ABANK1=0A0h-0EFh -ABANK2=0120h-016Fh -ABANK3=01A0h-01EFh \
  -ABANK4=0220h-026Fh -ABANK5=02A0h-02EFh -ABANK6=0320h-036Fh \
  -ABANK7=03A0h-03EFh -ABANK8=0420h-046Fh -ABANK9=04A0h-04EFh \
  -ABANK10=0520h-056Fh -ABANK11=05A0h-05EFh -ABANK12=0620h-064Fh \
  -ABIGRAM=02000h-023EFh \
  -ARAM=020h-06Fh,0A0h-0EFh,0120h-016Fh,01A0h-01EFh,0220h-026Fh,02A0h-02EFh,0320h-036Fh,03A0h-03EFh,0420h-046Fh,04A0h-04EFh,0520h-056Fh,05A0h-05EFh,0620h-064Fh \
  -AABS1=020h-07Fh,0A0h-0EFh,0120h-016Fh,01A0h-01EFh,0220h-026Fh,02A0h-02EFh,0320h-036Fh,03A0h-03EFh,0420h-046Fh,04A0h-04EFh,0520h-056Fh,05A0h-05EFh,0620h-064Fh \
  -ASFR0=00h-01Fh -ASFR1=080h-09Fh -ASFR2=0100h-011Fh -ASFR3=0180h-019Fh \
  -ASFR4=0200h-021Fh -ASFR5=0280h-029Fh -ASFR6=0300h-031Fh \
  -ASFR7=0380h-039Fh -ASFR8=0400h-041Fh -ASFR9=0480h-049Fh \
  -ASFR10=0500h-051Fh -ASFR11=0580h-059Fh -ASFR12=0600h-061Fh \
  -ASFR13=0680h-06EFh -ASFR14=0700h-076Fh -ASFR15=0780h-07EFh \
  -ASFR16=0800h-086Fh -ASFR17=0880h-08EFh -ASFR18=0900h-096Fh \
  -ASFR19=0980h-09EFh -ASFR20=0A00h-0A6Fh -ASFR21=0A80h-0AEFh \
  -ASFR22=0B00h-0B6Fh -ASFR23=0B80h-0BEFh -ASFR24=0C00h-0C6Fh \
  -ASFR25=0C80h-0CEFh -ASFR26=0D00h-0D6Fh -ASFR27=0D80h-0DEFh \
  -ASFR28=0E00h-0E6Fh -ASFR29=0E80h-0EEFh -ASFR30=0F00h-0F6Fh \
  -ASFR31=0F80h-0FEFh -ASFR32=01000h-0106Fh -ASFR33=01080h-010EFh \
  -ASFR34=01100h-0116Fh -ASFR35=01180h-011EFh -ASFR36=01200h-0126Fh \
  -ASFR37=01280h-012EFh -ASFR38=01300h-0136Fh -ASFR39=01380h-013EFh \
  -ASFR40=01400h-0146Fh -ASFR41=01480h-014EFh -ASFR42=01500h-0156Fh \
  -ASFR43=01580h-015EFh -ASFR44=01600h-0166Fh -ASFR45=01680h-016EFh \
  -ASFR46=01700h-0176Fh -ASFR47=01780h-017EFh -ASFR48=01800h-0186Fh \
  -ASFR49=01880h-018EFh -ASFR50=01900h-0196Fh -ASFR51=01980h-019EFh \
  -ASFR52=01A00h-01A6Fh -ASFR53=01A80h-01AEFh -ASFR54=01B00h-01B6Fh \
  -ASFR55=01B80h-01BEFh -ASFR56=01C00h-01C6Fh -ASFR57=01C80h-01CEFh \
  -ASFR58=01D00h-01D6Fh -ASFR59=01D80h-01DEFh -ASFR60=01E00h-01E6Fh \
  -ASFR61=01E80h-01EEFh -ASFR62=01F00h-01F6Fh -ASFR63=01F80h-01FEFh \
  -preset_vec=00h,intentry=04h,init,end_init -ppowerup=CODE -pcinit=CODE \
  -pfunctab=ENTRY -ACONFIG=08007h-0800Bh -pconfig=CONFIG -DCONFIG=2 \
  -AIDLOC=08000h-08003h -pidloc=IDLOC -DIDLOC=2 -DCODE=2 -DSTRCODE=2 \
  -DSTRING=2 -DCONST=2 -DENTRY=2 -k \
  C:\Users\C20590\AppData\Local\Temp\sioc.obj \
  dist/default/production\EMG_15375_Actual.X.production.obj 

Object code version is 3.11

Machine type is 16F15375



                Name                               Link     Load   Length Selector   Space Scale
C:\Users\C20590\AppData\Local\Temp\sioc.obj
                end_init                             38       38        2        8       0
                reset_vec                             0        0        2        0       0
                config                             8007     8007        5    1000E       0
dist/default/production\EMG_15375_Actual.X.production.obj
                cinit                                3A       3A      3FC        8       0
                intentry                              4        4       34        8       0
                text56                              E49      E49       15     1C92       0
                text55                              E88      E88       16     1D10       0
                text54                              E5E      E5E       15     1CBC       0
                text53                              7E0      7E0       16        8       0
                text45                              F29      F29       D7     1E52       0
                text44                              7F6      7F6        1        8       0
                text43                              E1E      E1E        C     1C3C       0
                text34                              EBF      EBF       6A     1D7E       0
                text26                              436      436      14B        8       0
                text22                              76B      76B       75        8       0
                text10                              E36      E36       13     1C6C       0
                text7                               E9E      E9E       21     1D3C       0
                text6                               581      581       FA        8       0
                text4                               E73      E73       15     1CE6       0
                text2                               67B      67B       F0        8       0
                cstackBANK0                          20       20       2D       20       1
                cstackCOMMON                         70       70        D       70       1
                cstackBANK2                         152      152       1D      120       1
                clrtext                             E2A      E2A        C     1C54       0
                bssBANK2                            120      120       32      120       1
                bssBANK1                             A0       A0       39       A0       1
                dataBANK0                            4D       4D        6       20       1
                bssCOMMON                            7D       7D        1       70       1
                stringtext5                        1078     1078        5     2000       0
                stringtext4                        1070     1070        8     2000       0
                stringtext3                        1033     1033       33     2000       0
                stringtext2                        1000     1000       33     2000       0
                nvBANK1                              D9       D9        C       A0       1
                stringtext1                        1066     1066        A     2000       0

TOTAL           Name                               Link     Load   Length     Space
        CLASS   STACK          

        CLASS   CODE           
                end_init                             38       38        2         0
                cinit                                3A       3A      3FC         0
                intentry                              4        4       34         0
                reset_vec                             0        0        2         0
                text56                              E49      E49       15         0
                text55                              E88      E88       16         0
                text54                              E5E      E5E       15         0
                text53                              7E0      7E0       16         0
                text45                              F29      F29       D7         0
                text44                              7F6      7F6        1         0
                text43                              E1E      E1E        C         0
                text34                              EBF      EBF       6A         0
                text26                              436      436      14B         0
                text22                              76B      76B       75         0
                text10                              E36      E36       13         0
                text7                               E9E      E9E       21         0
                text6                               581      581       FA         0
                text4                               E73      E73       15         0
                text2                               67B      67B       F0         0
                clrtext                             E2A      E2A        C         0

        CLASS   STRCODE        
                stringtext5                        1078     1078        5         0
                stringtext4                        1070     1070        8         0
                stringtext3                        1033     1033       33         0
                stringtext2                        1000     1000       33         0
                stringtext1                        1066     1066        A         0

        CLASS   STRING         

        CLASS   CONST          

        CLASS   ENTRY          

        CLASS   COMMON         
                cstackCOMMON                         70       70        D         1
                bssCOMMON                            7D       7D        1         1

        CLASS   BANK0          
                cstackBANK0                          20       20       2D         1
                dataBANK0                            4D       4D        6         1

        CLASS   BANK1          
                bssBANK1                             A0       A0       39         1
                nvBANK1                              D9       D9        C         1

        CLASS   BANK2          
                cstackBANK2                         152      152       1D         1
                bssBANK2                            120      120       32         1

        CLASS   BANK3          

        CLASS   BANK4          

        CLASS   BANK5          

        CLASS   BANK6          

        CLASS   BANK7          

        CLASS   BANK8          

        CLASS   BANK9          

        CLASS   BANK10         

        CLASS   BANK11         

        CLASS   BANK12         

        CLASS   BIGRAM         

        CLASS   RAM            

        CLASS   ABS1           
                abs_s1                               7E       7E        2         1
                abs_s1                              5BC      5BC       34         1
                abs_s1                              620      620       30         1
                abs_s1                             238C     238C        0         1

        CLASS   SFR0           

        CLASS   SFR1           

        CLASS   SFR2           

        CLASS   SFR3           

        CLASS   SFR4           

        CLASS   SFR5           

        CLASS   SFR6           

        CLASS   SFR7           

        CLASS   SFR8           

        CLASS   SFR9           

        CLASS   SFR10          

        CLASS   SFR11          

        CLASS   SFR12          

        CLASS   SFR13          

        CLASS   SFR14          

        CLASS   SFR15          

        CLASS   SFR16          

        CLASS   SFR17          

        CLASS   SFR18          

        CLASS   SFR19          

        CLASS   SFR20          

        CLASS   SFR21          

        CLASS   SFR22          

        CLASS   SFR23          

        CLASS   SFR24          

        CLASS   SFR25          

        CLASS   SFR26          

        CLASS   SFR27          

        CLASS   SFR28          

        CLASS   SFR29          

        CLASS   SFR30          

        CLASS   SFR31          

        CLASS   SFR32          

        CLASS   SFR33          

        CLASS   SFR34          

        CLASS   SFR35          

        CLASS   SFR36          

        CLASS   SFR37          

        CLASS   SFR38          

        CLASS   SFR39          

        CLASS   SFR40          

        CLASS   SFR41          

        CLASS   SFR42          

        CLASS   SFR43          

        CLASS   SFR44          

        CLASS   SFR45          

        CLASS   SFR46          

        CLASS   SFR47          

        CLASS   SFR48          

        CLASS   SFR49          

        CLASS   SFR50          

        CLASS   SFR51          

        CLASS   SFR52          

        CLASS   SFR53          

        CLASS   SFR54          

        CLASS   SFR55          

        CLASS   SFR56          

        CLASS   SFR57          

        CLASS   SFR58          

        CLASS   SFR59          

        CLASS   SFR60          

        CLASS   SFR61          

        CLASS   SFR62          

        CLASS   SFR63          

        CLASS   CONFIG         
                config                             8007     8007        5         0

        CLASS   IDLOC          

        CLASS   BANK63         

        CLASS   BANK62         

        CLASS   BANK61         

        CLASS   BANK60         

        CLASS   BANK59         

        CLASS   BANK58         

        CLASS   BANK57         

        CLASS   BANK56         

        CLASS   BANK55         

        CLASS   BANK54         

        CLASS   BANK53         

        CLASS   BANK52         

        CLASS   BANK51         

        CLASS   BANK50         

        CLASS   BANK49         

        CLASS   BANK48         

        CLASS   BANK47         

        CLASS   BANK46         

        CLASS   BANK45         

        CLASS   BANK44         

        CLASS   BANK43         

        CLASS   BANK42         

        CLASS   BANK41         

        CLASS   BANK40         

        CLASS   BANK39         

        CLASS   BANK38         

        CLASS   BANK37         

        CLASS   BANK36         

        CLASS   BANK35         

        CLASS   BANK34         

        CLASS   BANK33         

        CLASS   BANK32         

        CLASS   BANK31         

        CLASS   BANK30         

        CLASS   BANK29         

        CLASS   BANK28         

        CLASS   BANK27         

        CLASS   BANK26         

        CLASS   BANK25         

        CLASS   BANK24         

        CLASS   BANK23         

        CLASS   BANK22         

        CLASS   BANK21         

        CLASS   BANK20         

        CLASS   BANK19         

        CLASS   BANK18         

        CLASS   BANK17         

        CLASS   BANK16         

        CLASS   BANK15         

        CLASS   BANK14         

        CLASS   BANK13         

        CLASS   EEDATA         



SEGMENTS        Name                           Load    Length   Top    Selector   Space  Class     Delta

                reset_vec                      000000  000002  000002         0       0  CODE        2
                intentry                       000004  0007F3  0007F7         8       0  CODE        2
                cstackBANK0                    000020  000033  000053        20       1  BANK0       1
                cstackCOMMON                   000070  00000E  00007E        70       1  COMMON      1
                bssBANK1                       0000A0  000045  0000E5        A0       1  BANK1       1
                bssBANK2                       000120  00004F  00016F       120       1  BANK2       1
                text43                         000E1E  00000C  000E2A      1C3C       0  CODE        2
                clrtext                        000E2A  00000C  000E36      1C54       0  CODE        2
                text10                         000E36  000013  000E49      1C6C       0  CODE        2
                text56                         000E49  000015  000E5E      1C92       0  CODE        2
                text54                         000E5E  000015  000E73      1CBC       0  CODE        2
                text4                          000E73  000015  000E88      1CE6       0  CODE        2
                text55                         000E88  000016  000E9E      1D10       0  CODE        2
                text7                          000E9E  000021  000EBF      1D3C       0  CODE        2
                text34                         000EBF  00006A  000F29      1D7E       0  CODE        2
                text45                         000F29  0000D7  001000      1E52       0  CODE        2
                stringtext2                    001000  00007D  00107D      2000       0  STRCODE     2
                config                         008007  000005  00800C     1000E       0  CONFIG      2


UNUSED ADDRESS RANGES

        Name                Unused          Largest block    Delta
        BANK0            00053-0006F              1D           1
        BANK1            000E5-000EF               B           1
        BANK10           00520-0056F              50           1
        BANK11           005A0-005BB              1C           1
        BANK2            0016F-0016F               1           1
        BANK3            001A0-001EF              50           1
        BANK4            00220-0026F              50           1
        BANK5            002A0-002EF              50           1
        BANK6            00320-0036F              50           1
        BANK7            003A0-003EF              50           1
        BANK8            00420-0046F              50           1
        BANK9            004A0-004EF              50           1
        BIGRAM           02000-023EF             3F0           1
        CODE             00002-00003               2           2
                         007F7-00E1D               9
                         0107D-01FFF             783
        CONST            00002-00003               2           2
                         007F7-00E1D             100
                         0107D-01FFF             100
        ENTRY            00002-00003               2           2
                         007F7-00E1D             100
                         0107D-01FFF             100
        IDLOC            08000-08003               4           2
        RAM              00053-0006F              1D           1
                         000E5-000EF               B
                         0016F-0016F               1
                         001A0-001EF              50
                         00220-0026F              50
                         002A0-002EF              50
                         00320-0036F              50
                         003A0-003EF              50
                         00420-0046F              50
                         004A0-004EF              50
                         00520-0056F              50
                         005A0-005BB              1C
        SFR0             00000-0001F              20           1
        SFR1             00080-0009F              20           1
        SFR10            00500-0051F              20           1
        SFR11            00580-0059F              20           1
        SFR12            00600-0061F              20           1
        SFR13            00680-006EF              70           1
        SFR14            00700-0076F              70           1
        SFR15            00780-007EF              70           1
        SFR16            00800-0086F              70           1
        SFR17            00880-008EF              70           1
        SFR18            00900-0096F              70           1
        SFR19            00980-009EF              70           1
        SFR2             00100-0011F              20           1
        SFR20            00A00-00A6F              70           1
        SFR21            00A80-00AEF              70           1
        SFR22            00B00-00B6F              70           1
        SFR23            00B80-00BEF              70           1
        SFR24            00C00-00C6F              70           1
        SFR25            00C80-00CEF              70           1
        SFR26            00D00-00D6F              70           1
        SFR27            00D80-00DEF              70           1
        SFR28            00E00-00E6F              70           1
        SFR29            00E80-00EEF              70           1
        SFR3             00180-0019F              20           1
        SFR30            00F00-00F6F              70           1
        SFR31            00F80-00FEF              70           1
        SFR32            01000-0106F              70           1
        SFR33            01080-010EF              70           1
        SFR34            01100-0116F              70           1
        SFR35            01180-011EF              70           1
        SFR36            01200-0126F              70           1
        SFR37            01280-012EF              70           1
        SFR38            01300-0136F              70           1
        SFR39            01380-013EF              70           1
        SFR4             00200-0021F              20           1
        SFR40            01400-0146F              70           1
        SFR41            01480-014EF              70           1
        SFR42            01500-0156F              70           1
        SFR43            01580-015EF              70           1
        SFR44            01600-0166F              70           1
        SFR45            01680-016EF              70           1
        SFR46            01700-0176F              70           1
        SFR47            01780-017EF              70           1
        SFR48            01800-0186F              70           1
        SFR49            01880-018EF              70           1
        SFR5             00280-0029F              20           1
        SFR50            01900-0196F              70           1
        SFR51            01980-019EF              70           1
        SFR52            01A00-01A6F              70           1
        SFR53            01A80-01AEF              70           1
        SFR54            01B00-01B6F              70           1
        SFR55            01B80-01BEF              70           1
        SFR56            01C00-01C6F              70           1
        SFR57            01C80-01CEF              70           1
        SFR58            01D00-01D6F              70           1
        SFR59            01D80-01DEF              70           1
        SFR6             00300-0031F              20           1
        SFR60            01E00-01E6F              70           1
        SFR61            01E80-01EEF              70           1
        SFR62            01F00-01F6F              70           1
        SFR63            01F80-01FEF              70           1
        SFR7             00380-0039F              20           1
        SFR8             00400-0041F              20           1
        SFR9             00480-0049F              20           1
        STACK            020EF-0238B             29D           1
        STRCODE          00002-00003               2           2
                         007F7-00E1D             627
                         0107D-01FFF             F83
        STRING           00002-00003               2           2
                         007F7-00E1D             100
                         0107D-01FFF             100

                                  Symbol Table

?_ADC_GetConversionResult                      cstackCOMMON 00070
?___awmod                                      cstackBANK0  00022
?___fladd                                      cstackBANK0  00022
?___fltol                                      cstackBANK0  0003F
?___lwdiv                                      cstackBANK0  00022
?___lwmod                                      cstackBANK0  00029
?___xxtofl                                     cstackBANK0  00029
?__doprnt                                      cstackBANK0  0002E
?_abs                                          cstackBANK0  00022
?_get_moving_average                           cstackBANK0  00037
?_get_neutral_peaktopeak                       cstackBANK0  0002A
?_printf                                       cstackBANK0  0003D
?_sbuf_peek                                    cstackBANK0  00022
?_sprintf                                      cstackBANK0  0003D
?i1___awmod                                    cstackCOMMON 00070
?i1___lwdiv                                    cstackCOMMON 00070
ADC_SelectChannel@channel                      cstackCOMMON 00071
EUSART1_SetRxInterruptHandler@interruptHandler cstackBANK0  00022
EUSART1_SetTxInterruptHandler@interruptHandler cstackBANK0  00022
EUSART1_Write@txData                           cstackBANK0  00022
EUSART2_SetRxInterruptHandler@interruptHandler cstackBANK0  00022
EUSART2_SetTxInterruptHandler@interruptHandler cstackBANK0  00022
EUSART2_Write@txData                           cstackBANK0  00022
PL10                                           text2        00759
PL12                                           cinit        003EF
PL14                                           cinit        003F9
PL16                                           text2        0075F
PL18                                           text26       0056D
PL2                                            cinit        003E0
PL20                                           cinit        00402
PL22                                           text2        00765
PL24                                           text6        00669
PL26                                           text6        0066F
PL28                                           text6        00675
PL30                                           text34       00F22
PL32                                           text26       00575
PL34                                           cinit        0040A
PL36                                           text2        0069A
PL38                                           text26       0057C
PL4                                            text6        00648
PL40                                           text22       007DB
PL42                                           cinit        00410
PL44                                           cinit        00415
PL6                                            text6        00655
PL8                                            text6        00661
TMR2_EMG_InterruptHandler@adval                cstackBANK0  00020
TMR2_SetInterruptHandler@InterruptHandler      cstackBANK0  00022
_ADCON0                                        (abs)        0009D
_ADCON0bits                                    (abs)        0009D
_ADCON1                                        (abs)        0009E
_ADC_GetConversionResult                       text45       00F45
_ADC_Initialize                                cinit        00244
_ADC_SelectChannel                             text45       00F4D
_ADC_StartConversion                           text45       00F58
_ADRESH                                        (abs)        0009C
_ADRESL                                        (abs)        0009B
_ANSELA                                        (abs)        01F38
_ANSELB                                        (abs)        01F43
_ANSELC                                        (abs)        01F4E
_ANSELD                                        (abs)        01F59
_ANSELE                                        (abs)        01F64
_BAUD1CON                                      (abs)        0011F
_BAUD2CON                                      (abs)        00A1F
_EUSART1_Initialize                            text34       00EF0
_EUSART1_Receive_ISR                           text56       00E49
_EUSART1_RxDefaultInterruptHandler             nvBANK1      000DF
_EUSART1_SetRxInterruptHandler                 text34       00F12
_EUSART1_SetTxInterruptHandler                 text34       00F1A
_EUSART1_Transmit_ISR                          text55       00E88
_EUSART1_TxDefaultInterruptHandler             nvBANK1      000E1
_EUSART1_Write                                 text7        00EA0
_EUSART2_Initialize                            text34       00EBF
_EUSART2_Receive_ISR                           text54       00E5E
_EUSART2_RxDefaultInterruptHandler             nvBANK1      000DB
_EUSART2_SetRxInterruptHandler                 text34       00EE0
_EUSART2_SetTxInterruptHandler                 text34       00EE8
_EUSART2_Transmit_ISR                          text53       007E0
_EUSART2_TxDefaultInterruptHandler             nvBANK1      000DD
_EUSART2_Write                                 cinit        001F3
_INTCONbits                                    (abs)        0000B
_INTERRUPT_InterruptManager                    intentry     00004
_LATA                                          (abs)        00018
_LATAbits                                      (abs)        00018
_LATB                                          (abs)        00019
_LATC                                          (abs)        0001A
_LATD                                          (abs)        0001B
_LATE                                          (abs)        0001C
_ODCONA                                        (abs)        01F3A
_ODCONB                                        (abs)        01F45
_ODCONC                                        (abs)        01F50
_ODCOND                                        (abs)        01F5B
_ODCONE                                        (abs)        01F66
_OSCCON1                                       (abs)        0088D
_OSCCON3                                       (abs)        0088F
_OSCEN                                         (abs)        00891
_OSCFRQ                                        (abs)        00893
_OSCILLATOR_Initialize                         cinit        0024C
_OSCSTAT                                       (abs)        00890
_OSCTUNE                                       (abs)        00892
_PIE3bits                                      (abs)        00719
_PIE4bits                                      (abs)        0071A
_PIN_MANAGER_Initialize                        cinit        00256
_PIR3bits                                      (abs)        0070F
_PIR4bits                                      (abs)        00710
_PMD0                                          (abs)        00796
_PMD1                                          (abs)        00797
_PMD2                                          (abs)        00798
_PMD3                                          (abs)        00799
_PMD4                                          (abs)        0079A
_PMD5                                          (abs)        0079B
_PMD_Initialize                                cinit        00289
_PORTBbits                                     (abs)        0000D
_PORTCbits                                     (abs)        0000E
_RB6PPS                                        (abs)        01F1E
_RC1REG                                        (abs)        00119
_RC1STA                                        (abs)        0011D
_RC1STAbits                                    (abs)        0011D
_RC2REG                                        (abs)        00A19
_RC2STA                                        (abs)        00A1D
_RC2STAbits                                    (abs)        00A1D
_RC6PPS                                        (abs)        01F26
_RX1DTPPSbits                                  (abs)        01ECB
_SP1BRGH                                       (abs)        0011C
_SP1BRGL                                       (abs)        0011B
_SP2BRGH                                       (abs)        00A1C
_SP2BRGL                                       (abs)        00A1B
_SYSTEM_Initialize                             cinit        00237
_T2CLKCON                                      (abs)        00290
_T2CON                                         (abs)        0028E
_T2CONbits                                     (abs)        0028E
_T2HLT                                         (abs)        0028F
_T2INPPSbits                                   (abs)        01E9C
_T2PR                                          (abs)        0028D
_T2RST                                         (abs)        00291
_T2TMR                                         (abs)        0028C
_TMR2_DefaultInterruptHandler                  text44       007F6
_TMR2_EMG_InterruptHandler                     text45       00F29
_TMR2_ISR                                      text43       00E1E
_TMR2_Initialize                               cinit        00291
_TMR2_InterruptHandler                         nvBANK1      000D9
_TMR2_SetInterruptHandler                      cinit        0022F
_TMR2_Start                                    cinit        002A6
_TRISA                                         (abs)        00012
_TRISB                                         (abs)        00013
_TRISC                                         (abs)        00014
_TRISD                                         (abs)        00015
_TRISE                                         (abs)        00016
_TX1REG                                        (abs)        0011A
_TX1STA                                        (abs)        0011E
_TX2REG                                        (abs)        00A1A
_TX2STA                                        (abs)        00A1E
_WPUA                                          (abs)        01F39
_WPUB                                          (abs)        01F44
_WPUC                                          (abs)        01F4F
_WPUD                                          (abs)        01F5A
_WPUE                                          (abs)        01F65
__CFG_BBEN$OFF                                 (abs)        00000
__CFG_BBSIZE$BB512                             (abs)        00000
__CFG_BOREN$ON                                 (abs)        00000
__CFG_BORV$LO                                  (abs)        00000
__CFG_CLKOUTEN$OFF                             (abs)        00000
__CFG_CP$OFF                                   (abs)        00000
__CFG_CSWEN$ON                                 (abs)        00000
__CFG_FCMEN$ON                                 (abs)        00000
__CFG_FEXTOSC$OFF                              (abs)        00000
__CFG_LPBOREN$OFF                              (abs)        00000
__CFG_LVP$ON                                   (abs)        00000
__CFG_MCLRE$ON                                 (abs)        00000
__CFG_PPS1WAY$ON                               (abs)        00000
__CFG_PWRTE$OFF                                (abs)        00000
__CFG_RSTOSC$HFINT1                            (abs)        00000
__CFG_SAFEN$OFF                                (abs)        00000
__CFG_STVREN$ON                                (abs)        00000
__CFG_WDTCCS$SC                                (abs)        00000
__CFG_WDTCPS$WDTCPS_31                         (abs)        00000
__CFG_WDTCWS$WDTCWS_7                          (abs)        00000
__CFG_WDTE$OFF                                 (abs)        00000
__CFG_WRTAPP$OFF                               (abs)        00000
__CFG_WRTB$OFF                                 (abs)        00000
__CFG_WRTC$OFF                                 (abs)        00000
__CFG_WRTSAF$OFF                               (abs)        00000
__CFG_ZCD$OFF                                  (abs)        00000
__Habs1                                        abs1         00000
__Hbank0                                       bank0        00000
__Hbank1                                       bank1        00000
__Hbank10                                      bank10       00000
__Hbank11                                      bank11       00000
__Hbank12                                      bank12       00000
__Hbank13                                      bank13       00000
__Hbank14                                      bank14       00000
__Hbank15                                      bank15       00000
__Hbank16                                      bank16       00000
__Hbank17                                      bank17       00000
__Hbank18                                      bank18       00000
__Hbank19                                      bank19       00000
__Hbank2                                       bank2        00000
__Hbank20                                      bank20       00000
__Hbank21                                      bank21       00000
__Hbank22                                      bank22       00000
__Hbank23                                      bank23       00000
__Hbank24                                      bank24       00000
__Hbank25                                      bank25       00000
__Hbank26                                      bank26       00000
__Hbank27                                      bank27       00000
__Hbank28                                      bank28       00000
__Hbank29                                      bank29       00000
__Hbank3                                       bank3        00000
__Hbank30                                      bank30       00000
__Hbank31                                      bank31       00000
__Hbank32                                      bank32       00000
__Hbank33                                      bank33       00000
__Hbank34                                      bank34       00000
__Hbank35                                      bank35       00000
__Hbank36                                      bank36       00000
__Hbank37                                      bank37       00000
__Hbank38                                      bank38       00000
__Hbank39                                      bank39       00000
__Hbank4                                       bank4        00000
__Hbank40                                      bank40       00000
__Hbank41                                      bank41       00000
__Hbank42                                      bank42       00000
__Hbank43                                      bank43       00000
__Hbank44                                      bank44       00000
__Hbank45                                      bank45       00000
__Hbank46                                      bank46       00000
__Hbank47                                      bank47       00000
__Hbank48                                      bank48       00000
__Hbank49                                      bank49       00000
__Hbank5                                       bank5        00000
__Hbank50                                      bank50       00000
__Hbank51                                      bank51       00000
__Hbank52                                      bank52       00000
__Hbank53                                      bank53       00000
__Hbank54                                      bank54       00000
__Hbank55                                      bank55       00000
__Hbank56                                      bank56       00000
__Hbank57                                      bank57       00000
__Hbank58                                      bank58       00000
__Hbank59                                      bank59       00000
__Hbank6                                       bank6        00000
__Hbank60                                      bank60       00000
__Hbank61                                      bank61       00000
__Hbank62                                      bank62       00000
__Hbank63                                      bank63       00000
__Hbank7                                       bank7        00000
__Hbank8                                       bank8        00000
__Hbank9                                       bank9        00000
__Hbigram                                      bigram       00000
__HbssBANK1                                    bssBANK1     00000
__HbssBANK2                                    bssBANK2     00000
__HbssCOMMON                                   bssCOMMON    00000
__Hcinit                                       cinit        00436
__Hclrtext                                     clrtext      00000
__Hcode                                        code         00000
__Hcommon                                      common       00000
__Hconfig                                      config       0800C
__HcstackBANK0                                 cstackBANK0  00000
__HcstackBANK2                                 cstackBANK2  00000
__HcstackCOMMON                                cstackCOMMON 00000
__HdataBANK0                                   dataBANK0    00000
__Heeprom_data                                 eeprom_data  00000
__Hend_init                                    end_init     0003A
__Hfunctab                                     functab      00000
__HidataBANK0                                  idataBANK0   00000
__Hidloc                                       idloc        00000
__Hinit                                        init         00038
__Hintentry                                    intentry     00038
__Hmaintext                                    maintext     00000
__HnvBANK1                                     nvBANK1      00000
__Hpa_nodes0                                   pa_nodes0    00000
__Hpowerup                                     powerup      00000
__Hram                                         ram          00000
__Hreset_vec                                   reset_vec    00002
__Hsfr0                                        sfr0         00000
__Hsfr1                                        sfr1         00000
__Hsfr10                                       sfr10        00000
__Hsfr11                                       sfr11        00000
__Hsfr12                                       sfr12        00000
__Hsfr13                                       sfr13        00000
__Hsfr14                                       sfr14        00000
__Hsfr15                                       sfr15        00000
__Hsfr16                                       sfr16        00000
__Hsfr17                                       sfr17        00000
__Hsfr18                                       sfr18        00000
__Hsfr19                                       sfr19        00000
__Hsfr2                                        sfr2         00000
__Hsfr20                                       sfr20        00000
__Hsfr21                                       sfr21        00000
__Hsfr22                                       sfr22        00000
__Hsfr23                                       sfr23        00000
__Hsfr24                                       sfr24        00000
__Hsfr25                                       sfr25        00000
__Hsfr26                                       sfr26        00000
__Hsfr27                                       sfr27        00000
__Hsfr28                                       sfr28        00000
__Hsfr29                                       sfr29        00000
__Hsfr3                                        sfr3         00000
__Hsfr30                                       sfr30        00000
__Hsfr31                                       sfr31        00000
__Hsfr32                                       sfr32        00000
__Hsfr33                                       sfr33        00000
__Hsfr34                                       sfr34        00000
__Hsfr35                                       sfr35        00000
__Hsfr36                                       sfr36        00000
__Hsfr37                                       sfr37        00000
__Hsfr38                                       sfr38        00000
__Hsfr39                                       sfr39        00000
__Hsfr4                                        sfr4         00000
__Hsfr40                                       sfr40        00000
__Hsfr41                                       sfr41        00000
__Hsfr42                                       sfr42        00000
__Hsfr43                                       sfr43        00000
__Hsfr44                                       sfr44        00000
__Hsfr45                                       sfr45        00000
__Hsfr46                                       sfr46        00000
__Hsfr47                                       sfr47        00000
__Hsfr48                                       sfr48        00000
__Hsfr49                                       sfr49        00000
__Hsfr5                                        sfr5         00000
__Hsfr50                                       sfr50        00000
__Hsfr51                                       sfr51        00000
__Hsfr52                                       sfr52        00000
__Hsfr53                                       sfr53        00000
__Hsfr54                                       sfr54        00000
__Hsfr55                                       sfr55        00000
__Hsfr56                                       sfr56        00000
__Hsfr57                                       sfr57        00000
__Hsfr58                                       sfr58        00000
__Hsfr59                                       sfr59        00000
__Hsfr6                                        sfr6         00000
__Hsfr60                                       sfr60        00000
__Hsfr61                                       sfr61        00000
__Hsfr62                                       sfr62        00000
__Hsfr63                                       sfr63        00000
__Hsfr7                                        sfr7         00000
__Hsfr8                                        sfr8         00000
__Hsfr9                                        sfr9         00000
__Hspace_0                                     (abs)        0800C
__Hspace_1                                     (abs)        0016F
__Hspace_2                                     (abs)        00000
__Hspace_3                                     (abs)        00000
__Hstack                                       stack        00000
__Hstrings                                     strings      00000
__Hstringtext1                                 stringtext1  00000
__Hstringtext2                                 stringtext2  00000
__Hstringtext3                                 stringtext3  00000
__Hstringtext4                                 stringtext4  00000
__Hstringtext5                                 stringtext5  00000
__Hstringtext6                                 stringtext6  00000
__Htext                                        text         00000
__Labs1                                        abs1         00000
__Lbank0                                       bank0        00000
__Lbank1                                       bank1        00000
__Lbank10                                      bank10       00000
__Lbank11                                      bank11       00000
__Lbank12                                      bank12       00000
__Lbank13                                      bank13       00000
__Lbank14                                      bank14       00000
__Lbank15                                      bank15       00000
__Lbank16                                      bank16       00000
__Lbank17                                      bank17       00000
__Lbank18                                      bank18       00000
__Lbank19                                      bank19       00000
__Lbank2                                       bank2        00000
__Lbank20                                      bank20       00000
__Lbank21                                      bank21       00000
__Lbank22                                      bank22       00000
__Lbank23                                      bank23       00000
__Lbank24                                      bank24       00000
__Lbank25                                      bank25       00000
__Lbank26                                      bank26       00000
__Lbank27                                      bank27       00000
__Lbank28                                      bank28       00000
__Lbank29                                      bank29       00000
__Lbank3                                       bank3        00000
__Lbank30                                      bank30       00000
__Lbank31                                      bank31       00000
__Lbank32                                      bank32       00000
__Lbank33                                      bank33       00000
__Lbank34                                      bank34       00000
__Lbank35                                      bank35       00000
__Lbank36                                      bank36       00000
__Lbank37                                      bank37       00000
__Lbank38                                      bank38       00000
__Lbank39                                      bank39       00000
__Lbank4                                       bank4        00000
__Lbank40                                      bank40       00000
__Lbank41                                      bank41       00000
__Lbank42                                      bank42       00000
__Lbank43                                      bank43       00000
__Lbank44                                      bank44       00000
__Lbank45                                      bank45       00000
__Lbank46                                      bank46       00000
__Lbank47                                      bank47       00000
__Lbank48                                      bank48       00000
__Lbank49                                      bank49       00000
__Lbank5                                       bank5        00000
__Lbank50                                      bank50       00000
__Lbank51                                      bank51       00000
__Lbank52                                      bank52       00000
__Lbank53                                      bank53       00000
__Lbank54                                      bank54       00000
__Lbank55                                      bank55       00000
__Lbank56                                      bank56       00000
__Lbank57                                      bank57       00000
__Lbank58                                      bank58       00000
__Lbank59                                      bank59       00000
__Lbank6                                       bank6        00000
__Lbank60                                      bank60       00000
__Lbank61                                      bank61       00000
__Lbank62                                      bank62       00000
__Lbank63                                      bank63       00000
__Lbank7                                       bank7        00000
__Lbank8                                       bank8        00000
__Lbank9                                       bank9        00000
__Lbigram                                      bigram       00000
__LbssBANK1                                    bssBANK1     00000
__LbssBANK2                                    bssBANK2     00000
__LbssCOMMON                                   bssCOMMON    00000
__Lcinit                                       cinit        0003A
__Lclrtext                                     clrtext      00000
__Lcode                                        code         00000
__Lcommon                                      common       00000
__Lconfig                                      config       08007
__LcstackBANK0                                 cstackBANK0  00000
__LcstackBANK2                                 cstackBANK2  00000
__LcstackCOMMON                                cstackCOMMON 00000
__LdataBANK0                                   dataBANK0    00000
__Leeprom_data                                 eeprom_data  00000
__Lend_init                                    end_init     00038
__Lfunctab                                     functab      00000
__LidataBANK0                                  idataBANK0   00000
__Lidloc                                       idloc        00000
__Linit                                        init         00038
__Lintentry                                    intentry     00004
__Lmaintext                                    maintext     00000
__LnvBANK1                                     nvBANK1      00000
__Lpa_nodes0                                   pa_nodes0    00000
__Lpowerup                                     powerup      00000
__Lram                                         ram          00000
__Lreset_vec                                   reset_vec    00000
__Lsfr0                                        sfr0         00000
__Lsfr1                                        sfr1         00000
__Lsfr10                                       sfr10        00000
__Lsfr11                                       sfr11        00000
__Lsfr12                                       sfr12        00000
__Lsfr13                                       sfr13        00000
__Lsfr14                                       sfr14        00000
__Lsfr15                                       sfr15        00000
__Lsfr16                                       sfr16        00000
__Lsfr17                                       sfr17        00000
__Lsfr18                                       sfr18        00000
__Lsfr19                                       sfr19        00000
__Lsfr2                                        sfr2         00000
__Lsfr20                                       sfr20        00000
__Lsfr21                                       sfr21        00000
__Lsfr22                                       sfr22        00000
__Lsfr23                                       sfr23        00000
__Lsfr24                                       sfr24        00000
__Lsfr25                                       sfr25        00000
__Lsfr26                                       sfr26        00000
__Lsfr27                                       sfr27        00000
__Lsfr28                                       sfr28        00000
__Lsfr29                                       sfr29        00000
__Lsfr3                                        sfr3         00000
__Lsfr30                                       sfr30        00000
__Lsfr31                                       sfr31        00000
__Lsfr32                                       sfr32        00000
__Lsfr33                                       sfr33        00000
__Lsfr34                                       sfr34        00000
__Lsfr35                                       sfr35        00000
__Lsfr36                                       sfr36        00000
__Lsfr37                                       sfr37        00000
__Lsfr38                                       sfr38        00000
__Lsfr39                                       sfr39        00000
__Lsfr4                                        sfr4         00000
__Lsfr40                                       sfr40        00000
__Lsfr41                                       sfr41        00000
__Lsfr42                                       sfr42        00000
__Lsfr43                                       sfr43        00000
__Lsfr44                                       sfr44        00000
__Lsfr45                                       sfr45        00000
__Lsfr46                                       sfr46        00000
__Lsfr47                                       sfr47        00000
__Lsfr48                                       sfr48        00000
__Lsfr49                                       sfr49        00000
__Lsfr5                                        sfr5         00000
__Lsfr50                                       sfr50        00000
__Lsfr51                                       sfr51        00000
__Lsfr52                                       sfr52        00000
__Lsfr53                                       sfr53        00000
__Lsfr54                                       sfr54        00000
__Lsfr55                                       sfr55        00000
__Lsfr56                                       sfr56        00000
__Lsfr57                                       sfr57        00000
__Lsfr58                                       sfr58        00000
__Lsfr59                                       sfr59        00000
__Lsfr6                                        sfr6         00000
__Lsfr60                                       sfr60        00000
__Lsfr61                                       sfr61        00000
__Lsfr62                                       sfr62        00000
__Lsfr63                                       sfr63        00000
__Lsfr7                                        sfr7         00000
__Lsfr8                                        sfr8         00000
__Lsfr9                                        sfr9         00000
__Lspace_0                                     (abs)        00000
__Lspace_1                                     (abs)        00000
__Lspace_2                                     (abs)        00000
__Lspace_3                                     (abs)        00000
__Lstack                                       stack        00000
__Lstrings                                     strings      00000
__Lstringtext1                                 stringtext1  00000
__Lstringtext2                                 stringtext2  00000
__Lstringtext3                                 stringtext3  00000
__Lstringtext4                                 stringtext4  00000
__Lstringtext5                                 stringtext5  00000
__Lstringtext6                                 stringtext6  00000
__Ltext                                        text         00000
__S0                                           (abs)        0800C
__S1                                           (abs)        0016F
__S2                                           (abs)        00000
___awmod                                       cinit        002FE
___awmod@counter                               cstackBANK0  00026
___awmod@dividend                              cstackBANK0  00024
___awmod@divisor                               cstackBANK0  00022
___awmod@sign                                  cstackBANK0  00027
___fladd                                       text26       00436
___fladd@a                                     cstackBANK0  00026
___fladd@aexp                                  cstackBANK0  00033
___fladd@b                                     cstackBANK0  00022
___fladd@bexp                                  cstackBANK0  00034
___fladd@grs                                   cstackBANK0  00035
___fladd@signs                                 cstackBANK0  00032
___fltol                                       cinit        002A9
___fltol@exp1                                  cstackBANK0  00048
___fltol@f1                                    cstackBANK0  0003F
___fltol@sign1                                 cstackBANK0  00047
___int_sp                                      stack        00000
___latbits                                     (abs)        00002
___lwdiv                                       cinit        00381
___lwdiv@counter                               cstackBANK0  00026
___lwdiv@dividend                              cstackBANK0  00024
___lwdiv@divisor                               cstackBANK0  00022
___lwdiv@quotient                              cstackBANK0  00027
___lwmod                                       text6        00628
___lwmod@counter                               cstackBANK0  0002D
___lwmod@dividend                              cstackBANK0  0002B
___lwmod@divisor                               cstackBANK0  00029
___sp                                          stack        00000
___xxtofl                                      text22       0076B
___xxtofl@arg                                  cstackBANK0  00033
___xxtofl@exp                                  cstackBANK0  00032
___xxtofl@sign                                 cstackBANK0  00031
___xxtofl@val                                  cstackBANK0  00029
__doprnt                                       text6        00581
__doprnt@ap                                    cstackBANK0  00030
__doprnt@c                                     cstackBANK0  0003B
__doprnt@ccnt                                  cstackBANK0  00037
__doprnt@f                                     cstackBANK0  0002E
__doprnt@flag                                  cstackBANK0  00035
__doprnt@pb                                    cstackBANK0  0003C
__doprnt@prec                                  cstackBANK0  00036
__doprnt@val                                   cstackBANK0  00039
__end_ofPL10                                   text2        0075F
__end_ofPL12                                   cinit        003F9
__end_ofPL14                                   cinit        00402
__end_ofPL16                                   text2        00765
__end_ofPL18                                   text26       00575
__end_ofPL2                                    cinit        003EF
__end_ofPL20                                   cinit        0040A
__end_ofPL22                                   text2        0076B
__end_ofPL24                                   text6        0066F
__end_ofPL26                                   text6        00675
__end_ofPL28                                   text6        0067B
__end_ofPL30                                   text34       00F29
__end_ofPL32                                   text26       0057C
__end_ofPL34                                   cinit        00410
__end_ofPL36                                   text2        006A0
__end_ofPL38                                   text26       00581
__end_ofPL4                                    text6        00655
__end_ofPL40                                   text22       007E0
__end_ofPL42                                   cinit        00415
__end_ofPL44                                   cinit        0041A
__end_ofPL6                                    text6        00661
__end_ofPL8                                    text6        00669
__end_of_ADC_GetConversionResult               text45       00F4D
__end_of_ADC_Initialize                        cinit        0024C
__end_of_ADC_SelectChannel                     text45       00F58
__end_of_ADC_StartConversion                   text45       00F5A
__end_of_EUSART1_Initialize                    text34       00F12
__end_of_EUSART1_Receive_ISR                   text56       00E5E
__end_of_EUSART1_SetRxInterruptHandler         text34       00F1A
__end_of_EUSART1_SetTxInterruptHandler         text34       00F22
__end_of_EUSART1_Transmit_ISR                  text55       00E9E
__end_of_EUSART1_Write                         text7        00EBF
__end_of_EUSART2_Initialize                    text34       00EE0
__end_of_EUSART2_Receive_ISR                   text54       00E73
__end_of_EUSART2_SetRxInterruptHandler         text34       00EE8
__end_of_EUSART2_SetTxInterruptHandler         text34       00EF0
__end_of_EUSART2_Transmit_ISR                  text53       007F6
__end_of_EUSART2_Write                         cinit        00214
__end_of_INTERRUPT_InterruptManager            intentry     00038
__end_of_OSCILLATOR_Initialize                 cinit        00256
__end_of_PIN_MANAGER_Initialize                cinit        00289
__end_of_PMD_Initialize                        cinit        00291
__end_of_SYSTEM_Initialize                     cinit        00244
__end_of_TMR2_DefaultInterruptHandler          text44       007F7
__end_of_TMR2_EMG_InterruptHandler             text45       00F45
__end_of_TMR2_ISR                              text43       00E2A
__end_of_TMR2_Initialize                       cinit        002A6
__end_of_TMR2_SetInterruptHandler              cinit        00237
__end_of_TMR2_Start                            cinit        002A9
__end_of___awmod                               cinit        00337
__end_of___fladd                               text26       0056D
__end_of___fltol                               cinit        002F0
__end_of___lwdiv                               cinit        003A6
__end_of___lwmod                               text6        00648
__end_of___xxtofl                              text22       007DB
__end_of__doprnt                               text6        00628
__end_of__initialization                       cinit        00062
__end_of_abs                                   cinit        002FE
__end_of_dpowers                               stringtext1  01070
__end_of_get_moving_average                    cinit        00381
__end_of_get_neutral_peaktopeak                text2        00708
__end_of_madata_insert                         cinit        003E0
__end_of_madata_isempty                        cinit        00436
__end_of_madata_isfull                         cinit        003C5
__end_of_madata_remove                         cinit        00432
__end_of_main                                  cinit        001E3
__end_of_memset                                text10       00E49
__end_of_pkdata_insert                         text2        0073F
__end_of_pkdata_isempty                        text2        00759
__end_of_pkdata_isfull                         text2        00726
__end_of_pkdata_remove                         text2        00756
__end_of_printf                                cinit        001F3
__end_of_putch                                 text7        00EA0
__end_of_sbuf_insert                           text45       00F84
__end_of_sbuf_isempty                          text2        0069A
__end_of_sbuf_isfull                           text45       00FA2
__end_of_sbuf_peek                             text4        00E88
__end_of_sbuf_remove                           text2        00696
__end_of_sprintf                               cinit        0022F
__end_ofi1___awmod                             text45       00FDB
__end_ofi1___lwdiv                             text45       01000
__initialization                               cinit        0003A
__pbssBANK1                                    bssBANK1     000A0
__pbssBANK2                                    bssBANK2     00120
__pbssBIGRAM                                   (abs)        0238C
__pbssCOMMON                                   bssCOMMON    0007D
__pcstackBANK0                                 cstackBANK0  00020
__pcstackBANK2                                 cstackBANK2  00152
__pcstackCOMMON                                cstackCOMMON 00070
__pdataBANK0                                   dataBANK0    0004D
__pidataBANK0                                  idataBANK0   00000
__pintentry                                    intentry     00004
__pmaintext                                    cinit        00065
__pnvBANK1                                     nvBANK1      000D9
__pstringtext1                                 stringtext1  01066
__pstringtext2                                 stringtext2  01000
__pstringtext3                                 stringtext3  01033
__pstringtext4                                 stringtext4  01070
__pstringtext5                                 stringtext5  01078
__pstringtext6                                 stringtext6  00000
__ptext1                                       cinit        00214
__ptext10                                      text10       00E36
__ptext11                                      text2        006A0
__ptext12                                      text2        0073F
__ptext13                                      text2        00756
__ptext14                                      text2        00726
__ptext15                                      text2        00708
__ptext16                                      cinit        00337
__ptext17                                      cinit        0041A
__ptext18                                      cinit        00432
__ptext19                                      cinit        003C5
__ptext2                                       text2        0067B
__ptext20                                      cinit        003A6
__ptext21                                      cinit        002FE
__ptext22                                      text22       0076B
__ptext23                                      cinit        00381
__ptext24                                      cinit        002F0
__ptext25                                      cinit        002A9
__ptext26                                      text26       00436
__ptext27                                      cinit        002A6
__ptext28                                      cinit        00237
__ptext29                                      cinit        00291
__ptext3                                       text2        00696
__ptext30                                      cinit        0022F
__ptext31                                      cinit        00289
__ptext32                                      cinit        00256
__ptext33                                      cinit        0024C
__ptext34                                      text34       00EBF
__ptext35                                      text34       00EE8
__ptext36                                      text34       00EE0
__ptext37                                      text34       00EF0
__ptext38                                      text34       00F1A
__ptext39                                      text34       00F12
__ptext4                                       text4        00E73
__ptext40                                      cinit        00244
__ptext41                                      cinit        001F3
__ptext43                                      text43       00E1E
__ptext44                                      text44       007F6
__ptext45                                      text45       00F29
__ptext46                                      text45       00FDB
__ptext47                                      text45       00F5A
__ptext48                                      text45       00FA2
__ptext49                                      text45       00F84
__ptext5                                       cinit        001E3
__ptext50                                      text45       00F58
__ptext51                                      text45       00F4D
__ptext52                                      text45       00F45
__ptext53                                      text53       007E0
__ptext54                                      text54       00E5E
__ptext55                                      text55       00E88
__ptext56                                      text56       00E49
__ptext6                                       text6        00581
__ptext7                                       text7        00E9E
__ptext8                                       text7        00EA0
__ptext9                                       text6        00628
__size_of_ADC_GetConversionResult              (abs)        00000
__size_of_ADC_Initialize                       (abs)        00000
__size_of_ADC_SelectChannel                    (abs)        00000
__size_of_ADC_StartConversion                  (abs)        00000
__size_of_EUSART1_Initialize                   (abs)        00000
__size_of_EUSART1_Receive_ISR                  (abs)        00000
__size_of_EUSART1_SetRxInterruptHandler        (abs)        00000
__size_of_EUSART1_SetTxInterruptHandler        (abs)        00000
__size_of_EUSART1_Transmit_ISR                 (abs)        00000
__size_of_EUSART1_Write                        (abs)        00000
__size_of_EUSART2_Initialize                   (abs)        00000
__size_of_EUSART2_Receive_ISR                  (abs)        00000
__size_of_EUSART2_SetRxInterruptHandler        (abs)        00000
__size_of_EUSART2_SetTxInterruptHandler        (abs)        00000
__size_of_EUSART2_Transmit_ISR                 (abs)        00000
__size_of_EUSART2_Write                        (abs)        00000
__size_of_INTERRUPT_InterruptManager           (abs)        00000
__size_of_OSCILLATOR_Initialize                (abs)        00000
__size_of_PIN_MANAGER_Initialize               (abs)        00000
__size_of_PMD_Initialize                       (abs)        00000
__size_of_SYSTEM_Initialize                    (abs)        00000
__size_of_TMR2_DefaultInterruptHandler         (abs)        00000
__size_of_TMR2_EMG_InterruptHandler            (abs)        00000
__size_of_TMR2_ISR                             (abs)        00000
__size_of_TMR2_Initialize                      (abs)        00000
__size_of_TMR2_SetInterruptHandler             (abs)        00000
__size_of_TMR2_Start                           (abs)        00000
__size_of___awmod                              (abs)        00000
__size_of___fladd                              (abs)        00000
__size_of___fltol                              (abs)        00000
__size_of___lwdiv                              (abs)        00000
__size_of___lwmod                              (abs)        00000
__size_of___xxtofl                             (abs)        00000
__size_of__doprnt                              (abs)        00000
__size_of_abs                                  (abs)        00000
__size_of_get_moving_average                   (abs)        00000
__size_of_get_neutral_peaktopeak               (abs)        00000
__size_of_madata_insert                        (abs)        00000
__size_of_madata_isempty                       (abs)        00000
__size_of_madata_isfull                        (abs)        00000
__size_of_madata_remove                        (abs)        00000
__size_of_main                                 (abs)        00000
__size_of_memset                               (abs)        00000
__size_of_pkdata_insert                        (abs)        00000
__size_of_pkdata_isempty                       (abs)        00000
__size_of_pkdata_isfull                        (abs)        00000
__size_of_pkdata_remove                        (abs)        00000
__size_of_printf                               (abs)        00000
__size_of_putch                                (abs)        00000
__size_of_sbuf_insert                          (abs)        00000
__size_of_sbuf_isempty                         (abs)        00000
__size_of_sbuf_isfull                          (abs)        00000
__size_of_sbuf_peek                            (abs)        00000
__size_of_sbuf_remove                          (abs)        00000
__size_of_sprintf                              (abs)        00000
__size_ofi1___awmod                            (abs)        00000
__size_ofi1___lwdiv                            (abs)        00000
_abs                                           cinit        002F0
_dpowers                                       stringtext1  01066
_eusart1RxBuffer                               bssBANK1     000BA
_eusart1RxCount                                bssBANK1     000D5
_eusart1RxHead                                 bssBANK1     000D7
_eusart1RxTail                                 bssBANK1     000D6
_eusart1TxBuffer                               bssBANK1     000C2
_eusart1TxBufferRemaining                      nvBANK1      000E4
_eusart1TxHead                                 bssCOMMON    0007D
_eusart1TxTail                                 bssBANK1     000D8
_eusart2RxBuffer                               bssBANK1     000AA
_eusart2RxCount                                bssBANK1     000D0
_eusart2RxHead                                 bssBANK1     000D2
_eusart2RxTail                                 bssBANK1     000D1
_eusart2TxBuffer                               bssBANK1     000B2
_eusart2TxBufferRemaining                      nvBANK1      000E3
_eusart2TxHead                                 bssBANK1     000D4
_eusart2TxTail                                 bssBANK1     000D3
_get_moving_average                            cinit        00337
_get_neutral_peaktopeak                        text2        006A0
_i                                             bssBANK1     000CE
_ma_data                                       bssBANK2     00120
_ma_front                                      dataBANK0    0004E
_ma_rear                                       dataBANK0    0004D
_ma_window_sum                                 bssBANK1     000CA
_madata_insert                                 cinit        003C5
_madata_isempty                                cinit        00432
_madata_isfull                                 cinit        003A6
_madata_remove                                 cinit        0041A
_main                                          cinit        00065
_memset                                        text10       00E36
_pk_data                                       bssBANK1     000A0
_pk_front                                      dataBANK0    00050
_pk_rear                                       dataBANK0    0004F
_pkdata_insert                                 text2        00726
_pkdata_isempty                                text2        00756
_pkdata_isfull                                 text2        00708
_pkdata_remove                                 text2        0073F
_printf                                        cinit        001E3
_putch                                         text7        00E9E
_sb_data                                       (abs)        0238C
_sb_front                                      dataBANK0    00052
_sb_rear                                       dataBANK0    00051
_sbuf_insert                                   text45       00F5A
_sbuf_isempty                                  text2        00696
_sbuf_isfull                                   text45       00F84
_sbuf_peek                                     text4        00E73
_sbuf_remove                                   text2        0067B
_sent_0                                        bssBANK1     000CC
_sent_1                                        bssBANK1     000CD
_sprintf                                       cinit        00214
_start_flag                                    bssBANK1     000CF
abs@a                                          cstackBANK0  00022
btemp                                          (abs)        0007E
clear_ram0                                     clrtext      00E2A
end_of_initialization                          cinit        00062
get_moving_average@datapoint                   cstackBANK0  00037
get_neutral_peaktopeak@datapoint               cstackBANK0  0002A
get_neutral_peaktopeak@highest_peak            cstackBANK0  00032
get_neutral_peaktopeak@i                       cstackBANK0  00036
get_neutral_peaktopeak@lowest_peak             cstackBANK0  00034
get_neutral_peaktopeak@neutral                 cstackBANK0  00030
i1___awmod                                     text45       00FA2
i1___awmod@counter                             cstackCOMMON 00074
i1___awmod@dividend                            cstackCOMMON 00072
i1___awmod@divisor                             cstackCOMMON 00070
i1___awmod@sign                                cstackCOMMON 00075
[...]
		line 75 in file "signal_buffer.c"
 Parameters:    Size  Location     Type
  element         2    7[COMMON] unsigned int 
 Auto vars:     Size  Location     Type
		None
 Return value:  Size  Location     Type
                  1    wreg      unsigned char 
 Registers used:
		wreg, fsr1l, fsr1h, status,2, status,0, pclath, cstack
 Tracked objects:
		On entry : 
		On exit  : 
		Unchanged: 
 Data sizes:     COMMON   BANK0   BANK1   BANK2   BANK3   BANK4   BANK5   BANK6   BANK7   BANK8   BANK9  BANK10  BANK11  BANK12
      Params:         2       0       0       0       0       0       0       0       0       0       0       0       0       0
      Locals:         0       0       0       0       0       0       0       0       0       0       0       0       0       0
      Temps:          4       0       0       0       0       0       0       0       0       0       0       0       0       0
      Totals:         6       0       0       0       0       0       0       0       0       0       0       0       0       0
Total ram usage:        6 bytes
 Hardware stack levels used:    1
 Hardware stack levels required when called:    1
 This function calls:
		_sbuf_isfull
		i1___awmod
 This function is called by:
		_TMR2_EMG_InterruptHandler
 This function uses a non-reentrant model


 *************** function i1___awmod *****************
 Defined at:
		line 6 in file "C:\Program Files (x86)\Microchip\xc8\v1.44\sources\common\awmod.c"
 Parameters:    Size  Location     Type
  divisor         2    0[COMMON] int 
  dividend        2    2[COMMON] int 
 Auto vars:     Size  Location     Type
  __awmod         1    5[COMMON] unsigned char 
  __awmod         1    4[COMMON] unsigned char 
 Return value:  Size  Location     Type
                  2    0[COMMON] int 
 Registers used:
		wreg, status,2, status,0
 Tracked objects:
		On entry : 
		On exit  : 
		Unchanged: 
 Data sizes:     COMMON   BANK0   BANK1   BANK2   BANK3   BANK4   BANK5   BANK6   BANK7   BANK8   BANK9  BANK10  BANK11  BANK12
      Params:         4       0       0       0       0       0       0       0       0       0       0       0       0       0
      Locals:         2       0       0       0       0       0       0       0       0       0       0       0       0       0
      Temps:          0       0       0       0       0       0       0       0       0       0       0       0       0       0
      Totals:         6       0       0       0       0       0       0       0       0       0       0       0       0       0
Total ram usage:        6 bytes
 Hardware stack levels used:    1
 This function calls:
		Nothing
 This function is called by:
		_sbuf_insert
 This function uses a non-reentrant model


 *************** function _sbuf_isfull *****************
 Defined at:
		line 57 in file "signal_buffer.c"
 Parameters:    Size  Location     Type
		None
 Auto vars:     Size  Location     Type
		None
 Return value:  Size  Location     Type
                  1    wreg      unsigned char 
 Registers used:
		wreg, status,2, status,0
 Tracked objects:
		On entry : 
		On exit  : 
		Unchanged: 
 Data sizes:     COMMON   BANK0   BANK1   BANK2   BANK3   BANK4   BANK5   BANK6   BANK7   BANK8   BANK9  BANK10  BANK11  BANK12
      Params:         0       0       0       0       0       0       0       0       0       0       0       0       0       0
      Locals:         0       0       0       0       0       0       0       0       0       0       0       0       0       0
      Temps:          4       0       0       0       0       0       0       0       0       0       0       0       0       0
      Totals:         4       0       0       0       0       0       0       0       0       0       0       0       0       0
Total ram usage:        4 bytes
 Hardware stack levels used:    1
 This function calls:
		Nothing
 This function is called by:
		_sbuf_insert
 This function uses a non-reentrant model


 *************** function _ADC_StartConversion *****************
 Defined at:
		line 91 in file "mcc_generated_files/adc.c"
 Parameters:    Size  Location     Type
		None
 Auto vars:     Size  Location     Type
		None
 Return value:  Size  Location     Type
                  1    wreg      void 
 Registers used:
		None
 Tracked objects:
		On entry : 
		On exit  : 
		Unchanged: 
 Data sizes:     COMMON   BANK0   BANK1   BANK2   BANK3   BANK4   BANK5   BANK6   BANK7   BANK8   BANK9  BANK10  BANK11  BANK12
      Params:         0       0       0       0       0       0       0       0       0       0       0       0       0       0
      Locals:         0       0       0       0       0       0       0       0       0       0       0       0       0       0
      Temps:          0       0       0       0       0       0       0       0       0       0       0       0       0       0
      Totals:         0       0       0       0       0       0       0       0       0       0       0       0       0       0
Total ram usage:        0 bytes
 Hardware stack levels used:    1
 This function calls:
		Nothing
 This function is called by:
		_TMR2_EMG_InterruptHandler
 This function uses a non-reentrant model


 *************** function _ADC_SelectChannel *****************
 Defined at:
		line 83 in file "mcc_generated_files/adc.c"
 Parameters:    Size  Location     Type
  channel         1    wreg     enum E9368
 Auto vars:     Size  Location     Type
  channel         1    1[COMMON] enum E9368
 Return value:  Size  Location     Type
                  1    wreg      void 
 Registers used:
		wreg, status,2, status,0
 Tracked objects:
		On entry : 
		On exit  : 
		Unchanged: 
 Data sizes:     COMMON   BANK0   BANK1   BANK2   BANK3   BANK4   BANK5   BANK6   BANK7   BANK8   BANK9  BANK10  BANK11  BANK12
      Params:         0       0       0       0       0       0       0       0       0       0       0       0       0       0
      Locals:         1       0       0       0       0       0       0       0       0       0       0       0       0       0
      Temps:          1       0       0       0       0       0       0       0       0       0       0       0       0       0
      Totals:         2       0       0       0       0       0       0       0       0       0       0       0       0       0
Total ram usage:        2 bytes
 Hardware stack levels used:    1
 This function calls:
		Nothing
 This function is called by:
		_TMR2_EMG_InterruptHandler
 This function uses a non-reentrant model


 *************** function _ADC_GetConversionResult *****************
 Defined at:
		line 104 in file "mcc_generated_files/adc.c"
 Parameters:    Size  Location     Type
		None
 Auto vars:     Size  Location     Type
		None
 Return value:  Size  Location     Type
                  2    0[COMMON] unsigned int 
 Registers used:
		wreg
 Tracked objects:
		On entry : 
		On exit  : 
		Unchanged: 
 Data sizes:     COMMON   BANK0   BANK1   BANK2   BANK3   BANK4   BANK5   BANK6   BANK7   BANK8   BANK9  BANK10  BANK11  BANK12
      Params:         2       0       0       0       0       0       0       0       0       0       0       0       0       0
      Locals:         0       0       0       0       0       0       0       0       0       0       0       0       0       0
      Temps:          0       0       0       0       0       0       0       0       0       0       0       0       0       0
      Totals:         2       0       0       0       0       0       0       0       0       0       0       0       0       0
Total ram usage:        2 bytes
 Hardware stack levels used:    1
 This function calls:
		Nothing
 This function is called by:
		_TMR2_EMG_InterruptHandler
 This function uses a non-reentrant model


 *************** function _EUSART2_Transmit_ISR *****************
 Defined at:
		line 172 in file "mcc_generated_files/eusart2.c"
 Parameters:    Size  Location     Type
		None
 Auto vars:     Size  Location     Type
		None
 Return value:  Size  Location     Type
                  1    wreg      void 
 Registers used:
		wreg, fsr1l, fsr1h, status,2, status,0
 Tracked objects:
		On entry : 
		On exit  : 
		Unchanged: 
 Data sizes:     COMMON   BANK0   BANK1   BANK2   BANK3   BANK4   BANK5   BANK6   BANK7   BANK8   BANK9  BANK10  BANK11  BANK12
      Params:         0       0       0       0       0       0       0       0       0       0       0       0       0       0
      Locals:         0       0       0       0       0       0       0       0       0       0       0       0       0       0
      Temps:          0       0       0       0       0       0       0       0       0       0       0       0       0       0
      Totals:         0       0       0       0       0       0       0       0       0       0       0       0       0       0
Total ram usage:        0 bytes
 Hardware stack levels used:    1
 This function calls:
		Nothing
 This function is called by:
		_EUSART2_Initialize
		_INTERRUPT_InterruptManager
 This function uses a non-reentrant model


 *************** function _EUSART2_Receive_ISR *****************
 Defined at:
		line 191 in file "mcc_generated_files/eusart2.c"
 Parameters:    Size  Location     Type
		None
 Auto vars:     Size  Location     Type
		None
 Return value:  Size  Location     Type
                  1    wreg      void 
 Registers used:
		wreg, fsr1l, fsr1h, status,2, status,0
 Tracked objects:
		On entry : 
		On exit  : 
		Unchanged: 
 Data sizes:     COMMON   BANK0   BANK1   BANK2   BANK3   BANK4   BANK5   BANK6   BANK7   BANK8   BANK9  BANK10  BANK11  BANK12
      Params:         0       0       0       0       0       0       0       0       0       0       0       0       0       0
      Locals:         0       0       0       0       0       0       0       0       0       0       0       0       0       0
      Temps:          0       0       0       0       0       0       0       0       0       0       0       0       0       0
      Totals:         0       0       0       0       0       0       0       0       0       0       0       0       0       0
Total ram usage:        0 bytes
 Hardware stack levels used:    1
 This function calls:
		Nothing
 This function is called by:
		_EUSART2_Initialize
		_INTERRUPT_InterruptManager
 This function uses a non-reentrant model


 *************** function _EUSART1_Transmit_ISR *****************
 Defined at:
		line 181 in file "mcc_generated_files/eusart1.c"
 Parameters:    Size  Location     Type
		None
 Auto vars:     Size  Location     Type
		None
 Return value:  Size  Location     Type
                  1    wreg      void 
 Registers used:
		wreg, fsr1l, fsr1h, status,2, status,0
 Tracked objects:
		On entry : 
		On exit  : 
		Unchanged: 
 Data sizes:     COMMON   BANK0   BANK1   BANK2   BANK3   BANK4   BANK5   BANK6   BANK7   BANK8   BANK9  BANK10  BANK11  BANK12
      Params:         0       0       0       0       0       0       0       0       0       0       0       0       0       0
      Locals:         0       0       0       0       0       0       0       0       0       0       0       0       0       0
      Temps:          0       0       0       0       0       0       0       0       0       0       0       0       0       0
      Totals:         0       0       0       0       0       0       0       0       0       0       0       0       0       0
Total ram usage:        0 bytes
 Hardware stack levels used:    1
 This function calls:
		Nothing
 This function is called by:
		_EUSART1_Initialize
		_INTERRUPT_InterruptManager
 This function uses a non-reentrant model


 *************** function _EUSART1_Receive_ISR *****************
 Defined at:
		line 200 in file "mcc_generated_files/eusart1.c"
 Parameters:    Size  Location     Type
		None
 Auto vars:     Size  Location     Type
		None
 Return value:  Size  Location     Type
                  1    wreg      void 
 Registers used:
		wreg, fsr1l, fsr1h, status,2, status,0
 Tracked objects:
		On entry : 
		On exit  : 
		Unchanged: 
 Data sizes:     COMMON   BANK0   BANK1   BANK2   BANK3   BANK4   BANK5   BANK6   BANK7   BANK8   BANK9  BANK10  BANK11  BANK12
      Params:         0       0       0       0       0       0       0       0       0       0       0       0       0       0
      Locals:         0       0       0       0       0       0       0       0       0       0       0       0       0       0
      Temps:          0       0       0       0       0       0       0       0       0       0       0       0       0       0
      Totals:         0       0       0       0       0       0       0       0       0       0       0       0       0       0
Total ram usage:        0 bytes
 Hardware stack levels used:    1
 This function calls:
		Nothing
 This function is called by:
		_EUSART1_Initialize
		_INTERRUPT_InterruptManager
 This function uses a non-reentrant model



MODULE INFORMATION

Module		Function		Class		Link	Load	Size
C:\Program Files (x86)\Microchip\xc8\v1.44\sources\common\lwmod.c
		___lwmod       		CODE           	0628	0000	33

C:\Program Files (x86)\Microchip\xc8\v1.44\sources\common\lwmod.c estimated size: 33

C:\Program Files (x86)\Microchip\xc8\v1.44\sources\common\memset.c
		_memset        		CODE           	0E36	0000	20

C:\Program Files (x86)\Microchip\xc8\v1.44\sources\common\memset.c estimated size: 20

signal_buffer.c
		_sbuf_remove   		CODE           	067B	0000	28
		_sbuf_insert   		CODE           	0F5A	0000	43
		_sbuf_peek     		CODE           	0E73	0000	22
		_sbuf_isfull   		CODE           	0F84	0000	31
		_sbuf_isempty  		CODE           	0696	0000	5

signal_buffer.c estimated size: 129

mcc_generated_files/eusart2.c
		_EUSART2_Write 		CODE           	01F3	0000	34
		_EUSART2_Receive_ISR		CODE           	0E5E	0000	22
		_EUSART2_Transmit_ISR		CODE           	07E0	0000	23
		_EUSART2_SetRxInterruptHandler		CODE           	0EE0	0000	9
		_EUSART2_SetTxInterruptHandler		CODE           	0EE8	0000	9
		_EUSART2_Initialize		CODE           	0EBF	0000	34

mcc_generated_files/eusart2.c estimated size: 131

C:\Program Files (x86)\Microchip\xc8\v1.44\sources\common\xxtofl.c
		___xxtofl      		CODE           	076B	0000	113

C:\Program Files (x86)\Microchip\xc8\v1.44\sources\common\xxtofl.c estimated size: 113

mcc_generated_files/tmr2.c
		_TMR2_ISR      		CODE           	0E1E	0000	13
		_TMR2_Initialize		CODE           	0291	0000	22
		_TMR2_Start    		CODE           	02A6	0000	4
		_TMR2_SetInterruptHandler		CODE           	022F	0000	9
		_TMR2_DefaultInterruptHandler		CODE           	07F6	0000	2

mcc_generated_files/tmr2.c estimated size: 50

mcc_generated_files/interrupt_manager.c
		_INTERRUPT_InterruptManager		CODE           	0004	0000	53

mcc_generated_files/interrupt_manager.c estimated size: 53

moving_avg_filter.c
		_madata_remove 		CODE           	041A	0000	25
		_madata_isfull 		CODE           	03A6	0000	32
		_madata_insert 		CODE           	03C5	0000	28
		_madata_isempty		CODE           	0432	0000	5

moving_avg_filter.c estimated size: 90

C:\Program Files (x86)\Microchip\xc8\v1.44\sources\common\awmod.c
		___awmod       		CODE           	02FE	0000	58

C:\Program Files (x86)\Microchip\xc8\v1.44\sources\common\awmod.c estimated size: 58

signal_processing.c
		_get_neutral_peaktopeak		CODE           	06A0	0000	105
		_get_moving_average		CODE           	0337	0000	75

signal_processing.c estimated size: 180

mcc_generated_files/pin_manager.c
		_PIN_MANAGER_Initialize		CODE           	0256	0000	52

mcc_generated_files/pin_manager.c estimated size: 52

C:\Program Files (x86)\Microchip\xc8\v1.44\sources\common\lwdiv.c
		___lwdiv       		CODE           	0381	0000	38

C:\Program Files (x86)\Microchip\xc8\v1.44\sources\common\lwdiv.c estimated size: 38

peak_filter.c
		_pkdata_remove 		CODE           	073F	0000	24
		_pkdata_isfull 		CODE           	0708	0000	31
		_pkdata_insert 		CODE           	0726	0000	26
		_pkdata_isempty		CODE           	0756	0000	4

peak_filter.c estimated size: 85

C:\Program Files (x86)\Microchip\xc8\v1.44\sources\common\abs.c
		_abs           		CODE           	02F0	0000	15

C:\Program Files (x86)\Microchip\xc8\v1.44\sources\common\abs.c estimated size: 15

C:\Program Files (x86)\Microchip\xc8\v1.44\sources\common\doprnt.c
		__doprnt       		CODE           	0581	0000	168

C:\Program Files (x86)\Microchip\xc8\v1.44\sources\common\doprnt.c estimated size: 168

C:\Program Files (x86)\Microchip\xc8\v1.44\sources\common\fltol.c
		___fltol       		CODE           	02A9	0000	72

C:\Program Files (x86)\Microchip\xc8\v1.44\sources\common\fltol.c estimated size: 72

mcc_generated_files/adc.c
		_ADC_Initialize		CODE           	0244	0000	9
		_ADC_GetConversionResult		CODE           	0F45	0000	9
		_ADC_StartConversion		CODE           	0F58	0000	3
		_ADC_SelectChannel		CODE           	0F4D	0000	12

mcc_generated_files/adc.c estimated size: 33

shared
		PL12           		CODE           	03EF	0000	11
		PL8            		CODE           	0661	0000	9
		PL22           		CODE           	0765	0000	7
		PL32           		CODE           	0575	0000	8
		PL42           		CODE           	0410	0000	6
		PL14           		CODE           	03F9	0000	10
		PL24           		CODE           	0669	0000	7
		PL34           		CODE           	040A	0000	7
		PL44           		CODE           	0415	0000	6
		PL16           		CODE           	075F	0000	7
		PL26           		CODE           	066F	0000	7
		PL36           		CODE           	069A	0000	7
		i1___lwdiv     		CODE           	0FDB	0000	38
		_dpowers       		STRCODE        	1066	0000	11
		PL18           		CODE           	056D	0000	9
		PL28           		CODE           	0675	0000	7
		PL38           		CODE           	057C	0000	6
		__initialization		CODE           	003A	0000	41
		i1___awmod     		CODE           	0FA2	0000	58
		PL2            		CODE           	03E0	0000	16
		PL10           		CODE           	0759	0000	7
		PL4            		CODE           	0648	0000	14
		PL20           		CODE           	0402	0000	9
		PL30           		CODE           	0F22	0000	8
		PL6            		CODE           	0655	0000	13
		PL40           		CODE           	07DB	0000	6

shared estimated size: 335

mcc_generated_files/eusart1.c
		_EUSART1_SetRxInterruptHandler		CODE           	0F12	0000	9
		_EUSART1_SetTxInterruptHandler		CODE           	0F1A	0000	9
		_EUSART1_Initialize		CODE           	0EF0	0000	35
		_putch         		CODE           	0E9E	0000	3
		_EUSART1_Write 		CODE           	0EA0	0000	32
		_EUSART1_Receive_ISR		CODE           	0E49	0000	22
		_EUSART1_Transmit_ISR		CODE           	0E88	0000	23

mcc_generated_files/eusart1.c estimated size: 133

mcc_generated_files/mcc.c
		_PMD_Initialize		CODE           	0289	0000	9
		_OSCILLATOR_Initialize		CODE           	024C	0000	11
		_SYSTEM_Initialize		CODE           	0237	0000	14

mcc_generated_files/mcc.c estimated size: 34

C:\Program Files (x86)\Microchip\xc8\v1.44\sources\common\sprcadd.c
		___fladd       		CODE           	0436	0000	312

C:\Program Files (x86)\Microchip\xc8\v1.44\sources\common\sprcadd.c estimated size: 312

main.c
		_main          		CODE           	0065	0000	383
		_TMR2_EMG_InterruptHandler		CODE           	0F29	0000	29

main.c estimated size: 412

C:\Program Files (x86)\Microchip\xc8\v1.44\sources\common\printf.c
		_printf        		CODE           	01E3	0000	17

C:\Program Files (x86)\Microchip\xc8\v1.44\sources\common\printf.c estimated size: 17

C:\Program Files (x86)\Microchip\xc8\v1.44\sources\common\sprintf.c
		_sprintf       		CODE           	0214	0000	28

C:\Program Files (x86)\Microchip\xc8\v1.44\sources\common\sprintf.c estimated size: 28

